<h1>Test</h1>
<p>This is a fenced code block:</p>
<pre class="language-&lt;img/onerror=&quot;alert('hacked')&quot;src=.&gt;"><code class="language-&lt;img/onerror=&quot;alert('hacked')&quot;src=.&gt;">public class Foo() {
	public Foo(bar) {
		System.out.println(bar);
	}
}
</code></pre>
